src/app/api/bingo/sessions/route.ts(188,21): error TS2345: Argument of type 'string' is not assignable to parameter of type 'NonNullable<SessionStatus | null>'.
src/app/api/submissions/route.ts(12,74): error TS2739: Type 'ReadonlyRequestCookies' is missing the following properties from type 'Promise<ReadonlyRequestCookies>': then, catch, finally, [Symbol.toStringTag]
src/app/api/submissions/route.ts(28,8): error TS2769: No overload matches this call.
  Overload 1 of 2, '(values: (Database[SchemaName] extends GenericSchema ? Database[SchemaName] : any)["Tables"]["submissions"] extends { ...; } ? (Database[SchemaName] extends GenericSchema ? Database[SchemaName] : any)["Tables"]["submissions"]["Insert"] : never, options?: { ...; } | undefined): PostgrestFilterBuilder<...>', gave the following error.
    Argument of type '{ challenge_id: any; user_id: string; code: any; language: any; status: string; results: null; }' is not assignable to parameter of type '(Database[SchemaName] extends GenericSchema ? Database[SchemaName] : any)["Tables"]["submissions"] extends { ...; } ? (Database[SchemaName] extends GenericSchema ? Database[SchemaName] : any)["Tables"]["submissions"]["Insert"] : never'.
  Overload 2 of 2, '(values: ((Database[SchemaName] extends GenericSchema ? Database[SchemaName] : any)["Tables"]["submissions"] extends { ...; } ? (Database[SchemaName] extends GenericSchema ? Database[SchemaName] : any)["Tables"]["submissions"]["Insert"] : never)[], options?: { ...; } | undefined): PostgrestFilterBuilder<...>', gave the following error.
    Object literal may only specify known properties, and 'challenge_id' does not exist in type '((Database[SchemaName] extends GenericSchema ? Database[SchemaName] : any)["Tables"]["submissions"] extends { ...; } ? (Database[SchemaName] extends GenericSchema ? Database[SchemaName] : any)["Tables"]["submissions"]["Insert"] : never)[]'.
src/app/api/submissions/route.ts(59,74): error TS2739: Type 'ReadonlyRequestCookies' is missing the following properties from type 'Promise<ReadonlyRequestCookies>': then, catch, finally, [Symbol.toStringTag]
src/app/api/submissions/route.ts(75,22): error TS2345: Argument of type 'string' is not assignable to parameter of type '("user_id" extends keyof (Database[SchemaName] extends GenericSchema ? Database[SchemaName] : any)["Tables"]["submissions"]["Row"] ? (Database[SchemaName] extends GenericSchema ? Database[SchemaName] : any)["Tables"]["submissions"]["Row"]["user_id"] : (ContainsNull<...> extends true ? ContainsNull<...> extends true ...'.
src/app/api/submissions/route.ts(79,40): error TS2345: Argument of type 'string' is not assignable to parameter of type '("challenge_id" extends keyof (Database[SchemaName] extends GenericSchema ? Database[SchemaName] : any)["Tables"]["submissions"]["Row"] ? (Database[SchemaName] extends GenericSchema ? Database[SchemaName] : any)["Tables"]["submissions"]["Row"]["challenge_id"] : (ContainsNull<...> extends true ? ContainsNull<...> ext...'.
src/features/bingo-boards/components/BingoBoardsEdit/BingoBoardEdit.tsx(44,32): error TS2307: Cannot find module '../Generator/components/GeneratorPanel' or its corresponding type declarations.
src/features/bingo-boards/components/BingoBoardsEdit/BingoBoardEdit.tsx(65,28): error TS2339: Property 'isLoading' does not exist on type '{ authUser: AuthUser | null; userData: UserData | null; isAuthenticated: boolean; loading: boolean; error: string | null; }'.
src/features/bingo-boards/components/BingoBoardsEdit/BingoBoardEdit.tsx(145,7): error TS2322: Type '{ game_type: GameCategory; created_at?: string | null | undefined; creator_id?: string | null | undefined; description?: string | null | undefined; difficulty?: DifficultyLevel | undefined; ... 5 more ...; votes?: number | ... 1 more ... | undefined; }' is not assignable to type '{ created_at: string | null; creator_id: string | null; description: string | null; difficulty: DifficultyLevel; game_type: GameCategory; id: string; ... 4 more ...; votes: number | null; }'.
  Types of property 'created_at' are incompatible.
    Type 'string | null | undefined' is not assignable to type 'string | null'.
      Type 'undefined' is not assignable to type 'string | null'.
src/features/bingo-boards/components/BingoBoardsEdit/BingoBoardEdit.tsx(156,13): error TS2552: Cannot find name 'bingoCardService'. Did you mean 'BingoCardPreview'?
src/features/bingo-boards/components/BingoBoardsEdit/BingoBoardEdit.tsx(201,29): error TS2339: Property 'board_game_type' does not exist on type '{ board_state: BoardCell[] | null; bookmarked_count: number | null; cloned_from: string | null; created_at: string | null; creator_id: string | null; description: string | null; ... 10 more ...; votes: number | null; }'.
src/features/bingo-boards/components/BingoBoardsEdit/BingoBoardEdit.tsx(326,25): error TS2552: Cannot find name 'bingoCardService'. Did you mean 'BingoCardPreview'?
src/features/bingo-boards/components/BingoBoardsEdit/BingoBoardEdit.tsx(329,25): error TS2552: Cannot find name 'bingoCardService'. Did you mean 'BingoCardPreview'?
src/features/bingo-boards/components/BingoBoardsEdit/BingoBoardEdit.tsx(350,35): error TS2552: Cannot find name 'bingoCardService'. Did you mean 'BingoCardPreview'?
src/features/bingo-boards/components/BingoBoardsEdit/BingoBoardEdit.tsx(351,35): error TS2552: Cannot find name 'bingoCardService'. Did you mean 'BingoCardPreview'?
src/features/bingo-boards/components/BingoBoardsEdit/BingoBoardEdit.tsx(363,44): error TS2339: Property 'board_game_type' does not exist on type '{ board_state: BoardCell[] | null; bookmarked_count: number | null; cloned_from: string | null; created_at: string | null; creator_id: string | null; description: string | null; ... 10 more ...; votes: number | null; }'.
src/features/bingo-boards/components/BingoBoardsEdit/BingoBoardEdit.tsx(364,40): error TS2339: Property 'board_size' does not exist on type '{ board_state: BoardCell[] | null; bookmarked_count: number | null; cloned_from: string | null; created_at: string | null; creator_id: string | null; description: string | null; ... 10 more ...; votes: number | null; }'.
src/features/bingo-boards/components/BingoBoardsEdit/BingoBoardEdit.tsx(521,27): error TS2552: Cannot find name 'bingoCardService'. Did you mean 'BingoCardPreview'?
src/features/bingo-boards/components/BingoBoardsEdit/BingoBoardEdit.tsx(532,50): error TS2551: Property 'card_difficulty' does not exist on type '{ created_at: string | null; creator_id: string | null; description: string | null; difficulty: DifficultyLevel; game_type: GameCategory; id: string; ... 4 more ...; votes: number | null; }'. Did you mean 'difficulty'?
src/features/bingo-boards/components/BingoBoardsEdit/BingoBoardEdit.tsx(534,33): error TS2551: Property 'card_difficulty' does not exist on type '{ created_at: string | null; creator_id: string | null; description: string | null; difficulty: DifficultyLevel; game_type: GameCategory; id: string; ... 4 more ...; votes: number | null; }'. Did you mean 'difficulty'?
src/features/bingo-boards/components/BingoBoardsEdit/BingoBoardEdit.tsx(537,33): error TS2339: Property 'card_content' does not exist on type '{ created_at: string | null; creator_id: string | null; description: string | null; difficulty: DifficultyLevel; game_type: GameCategory; id: string; ... 4 more ...; votes: number | null; }'.
src/features/bingo-boards/components/BingoBoardsEdit/BingoBoardEdit.tsx(540,33): error TS2339: Property 'card_type' does not exist on type '{ created_at: string | null; creator_id: string | null; description: string | null; difficulty: DifficultyLevel; game_type: GameCategory; id: string; ... 4 more ...; votes: number | null; }'.
src/features/bingo-boards/components/BingoBoardsEdit/BingoCardEditDialog.tsx(151,28): error TS2339: Property 'card_explanation' does not exist on type 'CardForm'.
src/features/bingo-boards/components/BingoBoardsEdit/BingoCardEditDialog.tsx(156,31): error TS2339: Property 'card_explanation' does not exist on type 'CardForm'.
src/features/bingo-boards/components/BingoBoardsEdit/BingoCardEditDialog.tsx(175,33): error TS2551: Property 'card_difficulty' does not exist on type 'CardForm'. Did you mean 'difficulty'?
src/features/bingo-boards/components/BingoBoardsEdit/BingoCardEditDialog.tsx(201,33): error TS2339: Property 'card_type' does not exist on type 'CardForm'.
src/features/bingo-boards/components/BingoBoardsEdit/BingoCardEditDialog.tsx(202,40): error TS2304: Cannot find name 'CardCategory'.
src/features/bingo-boards/components/BingoBoardsEdit/BingoCardEditDialog.tsx(210,20): error TS2304: Cannot find name 'CARD_CATEGORIES'.
src/features/bingo-boards/components/BingoBoardsEdit/BingoCardEditDialog.tsx(210,41): error TS7006: Parameter 'type' implicitly has an 'any' type.
src/features/bingo-boards/components/BingoBoardsEdit/BingoCardEditDialog.tsx(234,31): error TS2339: Property 'card_tags' does not exist on type 'CardForm'.
src/features/bingo-boards/components/BingoBoardsHub.tsx(7,23): error TS2307: Cannot find module '@/src/store/types/game.types' or its corresponding type declarations.
src/features/bingo-boards/components/BingoBoardsHub.tsx(11,35): error TS2307: Cannot find module './hooks/useBingoBoardsHub' or its corresponding type declarations.
src/features/bingo-boards/components/BingoBoardsHub.tsx(38,11): error TS2322: Type '{ value: unknown; label: unknown; }[]' is not assignable to type 'FilterOption[]'.
  Type '{ value: unknown; label: unknown; }' is not assignable to type 'FilterOption'.
    Types of property 'value' are incompatible.
      Type 'unknown' is not assignable to type 'string'.
src/features/bingo-boards/components/BingoBoardsHub.tsx(61,22): error TS7006: Parameter 'board' implicitly has an 'any' type.
src/features/bingo-boards/components/BoardCard.tsx(19,35): error TS2307: Cannot find module '@/src/lib/types/game.types' or its corresponding type declarations.
src/features/bingo-boards/components/BoardCard.tsx(48,28): error TS2322: Type 'string | null' is not assignable to type 'string | Blob | undefined'.
  Type 'null' is not assignable to type 'string | Blob | undefined'.
src/features/bingo-boards/components/BoardCard.tsx(61,24): error TS2551: Property 'board_title' does not exist on type 'BingoBoard'. Did you mean 'board_state'?
src/features/bingo-boards/components/BoardCard.tsx(63,22): error TS2339: Property 'board_description' does not exist on type 'BingoBoard'.
src/features/bingo-boards/components/BoardCard.tsx(69,26): error TS2339: Property 'board_description' does not exist on type 'BingoBoard'.
src/features/bingo-boards/components/BoardCard.tsx(93,28): error TS2339: Property 'board_size' does not exist on type 'BingoBoard'.
src/features/bingo-boards/components/BoardCard.tsx(93,47): error TS2339: Property 'board_size' does not exist on type 'BingoBoard'.
src/features/bingo-boards/components/BoardCard.tsx(125,39): error TS2339: Property 'board_difficulty' does not exist on type 'BingoBoard'.
src/features/bingo-boards/components/BoardCard.tsx(128,20): error TS2339: Property 'board_difficulty' does not exist on type 'BingoBoard'.
src/features/bingo-boards/components/BoardCard.tsx(140,20): error TS2339: Property 'board_game_type' does not exist on type 'BingoBoard'.
src/features/bingo-boards/components/GameControls/index.tsx(92,35): error TS2339: Property 'timeLimit' does not exist on type 'BoardSettings'.
src/features/bingo-boards/components/GameControls/index.tsx(123,25): error TS2551: Property 'teamMode' does not exist on type 'BoardSettings'. Did you mean 'team_mode'?
src/features/bingo-boards/components/GameControls/index.tsx(132,34): error TS2551: Property 'teamMode' does not exist on type 'BoardSettings'. Did you mean 'team_mode'?
src/features/bingo-boards/components/GameControls/PlayerManagement.tsx(51,52): error TS2322: Type 'string' is not assignable to type 'BingoSession'.
src/features/bingo-boards/components/Generator/GeneratorPanel.tsx(60,58): error TS2304: Cannot find name 'CardCategory'.
src/features/bingo-boards/components/Generator/GeneratorPanel.tsx(73,66): error TS2304: Cannot find name 'CardCategory'.
src/features/bingo-boards/components/Generator/GeneratorPanel.tsx(75,44): error TS2304: Cannot find name 'CardCategory'.
src/features/bingo-boards/components/Generator/GeneratorPanel.tsx(86,49): error TS2304: Cannot find name 'CARD_CATEGORIES'.
src/features/bingo-boards/components/Generator/GeneratorPanel.tsx(130,20): error TS2304: Cannot find name 'CARD_CATEGORIES'.
src/features/bingo-boards/components/Generator/GeneratorPanel.tsx(130,40): error TS7006: Parameter 'category' implicitly has an 'any' type.
src/features/bingo-boards/components/Generator/GeneratorPanel.tsx(177,45): error TS2339: Property 'DIFFICULTY_LEVELS' does not exist on type '{ readonly CARDPOOLSIZE_LIMITS: { readonly Small: { readonly min: 25; readonly max: 50; readonly recommended: 35; }; readonly Medium: { readonly min: 50; readonly max: 100; readonly recommended: 75; }; readonly Large: { ...; }; }; readonly GRID_SIZES: readonly [...]; readonly DEFAULT_GRID_SIZE: 5; readonly MAX_CUSTO...'.
src/features/bingo-boards/context/SessionContext.tsx(5,32): error TS2307: Cannot find module '../services/session.service' or its corresponding type declarations.
src/features/bingo-boards/hooks/useBingoGame.ts(101,59): error TS2345: Argument of type 'null' is not assignable to parameter of type 'LastMove | (() => LastMove)'.
src/features/bingo-boards/hooks/useBingoGame.ts(113,45): error TS2322: Type 'string' is not assignable to type 'BingoSession'.
src/features/bingo-boards/hooks/useBingoGame.ts(154,24): error TS2554: Expected 1 arguments, but got 0.
src/features/bingo-boards/hooks/useBingoGame.ts(166,29): error TS2339: Property 'isValid' does not exist on type 'BeforeMoveEvent'.
src/features/bingo-boards/hooks/useBingoGame.ts(206,17): error TS2367: This comparison appears to be unintentional because the types 'string | null' and 'number' have no overlap.
src/features/bingo-boards/hooks/useBingoGame.ts(207,20): error TS2367: This comparison appears to be unintentional because the types 'string | null' and 'number' have no overlap.
src/features/bingo-boards/hooks/useBingoGame.ts(214,22): error TS2367: This comparison appears to be unintentional because the types 'string | null' and 'number' have no overlap.
src/features/bingo-boards/hooks/useBingoGame.ts(268,17): error TS2339: Property 'row' does not exist on type 'LastMove'.
src/features/bingo-boards/hooks/useBingoGame.ts(268,22): error TS2339: Property 'col' does not exist on type 'LastMove'.
src/features/bingo-boards/hooks/useBingoGame.ts(283,17): error TS2322: Type '"line"' is not assignable to type '"timeout" | "disconnect" | "bingo" | "majority"'.
src/features/bingo-boards/hooks/useBingoGame.ts(301,17): error TS2322: Type '"line"' is not assignable to type '"timeout" | "disconnect" | "bingo" | "majority"'.
src/features/bingo-boards/hooks/useBingoGame.ts(322,19): error TS2322: Type '"line"' is not assignable to type '"timeout" | "disconnect" | "bingo" | "majority"'.
src/features/bingo-boards/hooks/useBingoGame.ts(338,19): error TS2322: Type '"line"' is not assignable to type '"timeout" | "disconnect" | "bingo" | "majority"'.
src/features/bingo-boards/hooks/useBingoGame.ts(360,25): error TS2345: Argument of type '{ winner: string; reason: "majority"; }' is not assignable to parameter of type 'GameEndEvent'.
  Type '{ winner: string; reason: "majority"; }' is missing the following properties from type 'GameEndEvent': finalState, stats
src/features/bingo-boards/hooks/useBingoGame.ts(369,13): error TS2322: Type 'number' is not assignable to type 'string'.
src/features/bingo-boards/hooks/useBingoGame.ts(370,13): error TS2322: Type '"tie"' is not assignable to type '"timeout" | "disconnect" | "bingo" | "majority"'.
src/features/bingo-boards/hooks/useBingoGame.ts(398,24): error TS2345: Argument of type 'null' is not assignable to parameter of type 'SetStateAction<LastMove>'.
src/features/bingo-boards/hooks/useBingoGame.ts(403,7): error TS2322: Type 'undefined' is not assignable to type '{ rows: BoardCell[][]; columns: BoardCell[][]; diagonals: BoardCell[][]; }'.
src/features/bingo-boards/hooks/useBingoGame.ts(424,13): error TS2322: Type '{ text: string; colors: never[]; completedBy: never[]; blocked: false; isMarked: false; cellId: string; }[]' is not assignable to type 'BoardCell[]'.
  Type '{ text: string; colors: never[]; completedBy: never[]; blocked: false; isMarked: false; cellId: string; }' is missing the following properties from type 'BoardCell': version, completed_by, is_marked, cell_id, and 2 more.
src/features/bingo-boards/hooks/useBingoGame.ts(445,22): error TS2345: Argument of type 'null' is not assignable to parameter of type 'SetStateAction<LastMove>'.
src/features/bingo-boards/hooks/useGameAnalytics.ts(6,3): error TS2305: Module '"../types/analytics.types"' has no exported member 'GameStats'.
src/features/bingo-boards/hooks/useGameAnalytics.ts(7,3): error TS2305: Module '"../types/analytics.types"' has no exported member 'GamePatterns'.
src/features/bingo-boards/hooks/useGameAnalytics.ts(9,3): error TS2305: Module '"../types/analytics.types"' has no exported member 'GameEvent'.
src/features/bingo-boards/hooks/useGameAnalytics.ts(10,3): error TS2724: '"../types/analytics.types"' has no exported member named 'GameAnalysis'. Did you mean 'GameAnalytics'?
src/features/bingo-boards/hooks/useGameAnalytics.ts(11,3): error TS2305: Module '"../types/analytics.types"' has no exported member 'GameReport'.
src/features/bingo-boards/hooks/useGameAnalytics.ts(16,24): error TS2339: Property 'PAGE_LOAD' does not exist on type '{ readonly RENDER_TIME: "render_time"; readonly UPDATE_TIME: "update_time"; readonly MEMORY_USAGE: "memory_usage"; readonly FPS: "fps"; readonly TOTAL_HEAP_SIZE: "total_heap_size"; readonly USED_HEAP_SIZE: "used_heap_size"; }'.
src/features/bingo-boards/hooks/useGameAnalytics.ts(17,24): error TS2339: Property 'TIME_TO_INTERACTIVE' does not exist on type '{ readonly RENDER_TIME: "render_time"; readonly UPDATE_TIME: "update_time"; readonly MEMORY_USAGE: "memory_usage"; readonly FPS: "fps"; readonly TOTAL_HEAP_SIZE: "total_heap_size"; readonly USED_HEAP_SIZE: "used_heap_size"; }'.
src/features/bingo-boards/hooks/useGameAnalytics.ts(18,24): error TS2339: Property 'FRAME_TIME' does not exist on type '{ readonly RENDER_TIME: "render_time"; readonly UPDATE_TIME: "update_time"; readonly MEMORY_USAGE: "memory_usage"; readonly FPS: "fps"; readonly TOTAL_HEAP_SIZE: "total_heap_size"; readonly USED_HEAP_SIZE: "used_heap_size"; }'.
src/features/bingo-boards/hooks/useGameAnalytics.ts(58,58): error TS2339: Property 'EVENTS' does not exist on type '{ readonly INTERVALS: { readonly PERFORMANCE_CHECK: 1000; readonly EVENT_BATCH_SEND: 5000; readonly SESSION_UPDATE: 10000; readonly CLEANUP_OLD_DATA: 300000; }; readonly RETENTION: { readonly EVENTS_MAX_COUNT: 1000; readonly PERFORMANCE_MAX_COUNT: 100; readonly SESSION_HISTORY_MAX: 50; readonly MAX_EVENT_AGE: 864000...'.
src/features/bingo-boards/hooks/useGameAnalytics.ts(59,74): error TS2339: Property 'EVENTS' does not exist on type '{ readonly INTERVALS: { readonly PERFORMANCE_CHECK: 1000; readonly EVENT_BATCH_SEND: 5000; readonly SESSION_UPDATE: 10000; readonly CLEANUP_OLD_DATA: 300000; }; readonly RETENTION: { readonly EVENTS_MAX_COUNT: 1000; readonly PERFORMANCE_MAX_COUNT: 100; readonly SESSION_HISTORY_MAX: 50; readonly MAX_EVENT_AGE: 864000...'.
src/features/bingo-boards/hooks/useGameAnalytics.ts(79,18): error TS7006: Parameter 'prev' implicitly has an 'any' type.
src/features/bingo-boards/hooks/useGameAnalytics.ts(84,68): error TS2769: No overload matches this call.
  Overload 1 of 3, '(callbackfn: (previousValue: Player, currentValue: Player, currentIndex: number, array: Player[]) => Player, initialValue: Player): Player', gave the following error.
    Type '{ [x: string]: PlayerStats | { markedFields: number; completedLines: number; averageMoveTime: number; totalMoves: any; }; }' is missing the following properties from type 'Player': id, name, color, hoverColor, team
  Overload 2 of 3, '(callbackfn: (previousValue: Record<string, PlayerStats>, currentValue: Player, currentIndex: number, array: Player[]) => Record<string, PlayerStats>, initialValue: Record<...>): Record<...>', gave the following error.
    Type '{ [x: string]: PlayerStats | { markedFields: number; completedLines: number; averageMoveTime: number; totalMoves: any; }; }' is not assignable to type 'Record<string, PlayerStats>'.
      'string' index signatures are incompatible.
        Type 'PlayerStats | { markedFields: number; completedLines: number; averageMoveTime: number; totalMoves: any; }' is not assignable to type 'PlayerStats'.
          Type '{ markedFields: number; completedLines: number; averageMoveTime: number; totalMoves: any; }' is missing the following properties from type 'PlayerStats': playerId, playerName, joinTime, linesCompleted, and 2 more.
src/features/bingo-boards/hooks/useGameAnalytics.ts(97,27): error TS2339: Property 'MOVE' does not exist on type '{ readonly GAME_STARTED: "game_started"; readonly GAME_ENDED: "game_ended"; readonly MOVE_MADE: "move_made"; readonly LINE_COMPLETED: "line_completed"; readonly PLAYER_JOINED: "player_joined"; readonly PLAYER_LEFT: "player_left"; readonly BOARD_GENERATED: "board_generated"; readonly ERROR_OCCURRED: "error_occurred"; }'.
src/features/bingo-boards/hooks/useGameAnalytics.ts(123,56): error TS2339: Property 'PATTERNS' does not exist on type '{ readonly INTERVALS: { readonly PERFORMANCE_CHECK: 1000; readonly EVENT_BATCH_SEND: 5000; readonly SESSION_UPDATE: 10000; readonly CLEANUP_OLD_DATA: 300000; }; readonly RETENTION: { readonly EVENTS_MAX_COUNT: 1000; readonly PERFORMANCE_MAX_COUNT: 100; readonly SESSION_HISTORY_MAX: 50; readonly MAX_EVENT_AGE: 864000...'.
src/features/bingo-boards/hooks/useGameAnalytics.ts(125,30): error TS2339: Property 'PATTERNS' does not exist on type '{ readonly INTERVALS: { readonly PERFORMANCE_CHECK: 1000; readonly EVENT_BATCH_SEND: 5000; readonly SESSION_UPDATE: 10000; readonly CLEANUP_OLD_DATA: 300000; }; readonly RETENTION: { readonly EVENTS_MAX_COUNT: 1000; readonly PERFORMANCE_MAX_COUNT: 100; readonly SESSION_HISTORY_MAX: 50; readonly MAX_EVENT_AGE: 864000...'.
src/features/bingo-boards/hooks/useGameAnalytics.ts(137,67): error TS2339: Property 'PATTERNS' does not exist on type '{ readonly INTERVALS: { readonly PERFORMANCE_CHECK: 1000; readonly EVENT_BATCH_SEND: 5000; readonly SESSION_UPDATE: 10000; readonly CLEANUP_OLD_DATA: 300000; }; readonly RETENTION: { readonly EVENTS_MAX_COUNT: 1000; readonly PERFORMANCE_MAX_COUNT: 100; readonly SESSION_HISTORY_MAX: 50; readonly MAX_EVENT_AGE: 864000...'.
src/features/bingo-boards/hooks/useGameAnalytics.ts(143,25): error TS2339: Property 'MOVE' does not exist on type '{ readonly GAME_STARTED: "game_started"; readonly GAME_ENDED: "game_ended"; readonly MOVE_MADE: "move_made"; readonly LINE_COMPLETED: "line_completed"; readonly PLAYER_JOINED: "player_joined"; readonly PLAYER_LEFT: "player_left"; readonly BOARD_GENERATED: "board_generated"; readonly ERROR_OCCURRED: "error_occurred"; }'.
src/features/bingo-boards/hooks/useGameAnalytics.ts(152,18): error TS7006: Parameter 'prev' implicitly has an 'any' type.
src/features/bingo-boards/hooks/useGameAnalytics.ts(160,27): error TS2339: Property 'WIN' does not exist on type '{ readonly GAME_STARTED: "game_started"; readonly GAME_ENDED: "game_ended"; readonly MOVE_MADE: "move_made"; readonly LINE_COMPLETED: "line_completed"; readonly PLAYER_JOINED: "player_joined"; readonly PLAYER_LEFT: "player_left"; readonly BOARD_GENERATED: "board_generated"; readonly ERROR_OCCURRED: "error_occurred"; }'.
src/features/bingo-boards/hooks/useGameAnalytics.ts(206,73): error TS2339: Property 'PERFORMANCE' does not exist on type '{ readonly INTERVALS: { readonly PERFORMANCE_CHECK: 1000; readonly EVENT_BATCH_SEND: 5000; readonly SESSION_UPDATE: 10000; readonly CLEANUP_OLD_DATA: 300000; }; readonly RETENTION: { readonly EVENTS_MAX_COUNT: 1000; readonly PERFORMANCE_MAX_COUNT: 100; readonly SESSION_HISTORY_MAX: 50; readonly MAX_EVENT_AGE: 864000...'.
src/features/bingo-boards/hooks/useGameAnalytics.ts(219,18): error TS7006: Parameter 'prev' implicitly has an 'any' type.
src/features/bingo-boards/hooks/useGameAnalytics.ts(224,30): error TS2339: Property 'FRAME_TIME' does not exist on type '{ readonly RENDER_TIME: "render_time"; readonly UPDATE_TIME: "update_time"; readonly MEMORY_USAGE: "memory_usage"; readonly FPS: "fps"; readonly TOTAL_HEAP_SIZE: "total_heap_size"; readonly USED_HEAP_SIZE: "used_heap_size"; }'.
src/features/bingo-boards/hooks/useGameAnalytics.ts(255,18): error TS7006: Parameter 'prev' implicitly has an 'any' type.
src/features/bingo-boards/hooks/useGameAnalytics.ts(260,30): error TS2339: Property 'PAGE_LOAD' does not exist on type '{ readonly RENDER_TIME: "render_time"; readonly UPDATE_TIME: "update_time"; readonly MEMORY_USAGE: "memory_usage"; readonly FPS: "fps"; readonly TOTAL_HEAP_SIZE: "total_heap_size"; readonly USED_HEAP_SIZE: "used_heap_size"; }'.
src/features/bingo-boards/hooks/useGameAnalytics.ts(261,30): error TS2339: Property 'TIME_TO_INTERACTIVE' does not exist on type '{ readonly RENDER_TIME: "render_time"; readonly UPDATE_TIME: "update_time"; readonly MEMORY_USAGE: "memory_usage"; readonly FPS: "fps"; readonly TOTAL_HEAP_SIZE: "total_heap_size"; readonly USED_HEAP_SIZE: "used_heap_size"; }'.
src/features/bingo-boards/hooks/useGameAnalytics.ts(270,28): error TS2339: Property 'PERFORMANCE' does not exist on type '{ readonly INTERVALS: { readonly PERFORMANCE_CHECK: 1000; readonly EVENT_BATCH_SEND: 5000; readonly SESSION_UPDATE: 10000; readonly CLEANUP_OLD_DATA: 300000; }; readonly RETENTION: { readonly EVENTS_MAX_COUNT: 1000; readonly PERFORMANCE_MAX_COUNT: 100; readonly SESSION_HISTORY_MAX: 50; readonly MAX_EVENT_AGE: 864000...'.
src/features/bingo-boards/hooks/useLayout.ts(110,45): error TS2339: Property 'gap' does not exist on type '{ readonly COLUMNS: 12; readonly GAP_SM: 4; readonly GAP_MD: 6; readonly GAP_LG: 8; readonly CONTAINER_PADDING: 16; }'.
src/features/bingo-boards/hooks/useLayout.ts(110,80): error TS2339: Property 'gap' does not exist on type '{ readonly COLUMNS: 12; readonly GAP_SM: 4; readonly GAP_MD: 6; readonly GAP_LG: 8; readonly CONTAINER_PADDING: 16; }'.
src/features/bingo-boards/hooks/useLayout.ts(111,49): error TS2339: Property 'padding' does not exist on type '{ readonly COLUMNS: 12; readonly GAP_SM: 4; readonly GAP_MD: 6; readonly GAP_LG: 8; readonly CONTAINER_PADDING: 16; }'.
src/features/bingo-boards/hooks/useLayout.ts(111,88): error TS2339: Property 'padding' does not exist on type '{ readonly COLUMNS: 12; readonly GAP_SM: 4; readonly GAP_MD: 6; readonly GAP_LG: 8; readonly CONTAINER_PADDING: 16; }'.
src/features/bingo-boards/hooks/useLayout.ts(126,36): error TS2339: Property 'mobile' does not exist on type '{ readonly XS: 4; readonly SM: 8; readonly MD: 16; readonly LG: 24; readonly XL: 32; readonly '2XL': 48; readonly '3XL': 64; }'.
src/features/bingo-boards/hooks/useLayout.ts(127,36): error TS2339: Property 'desktop' does not exist on type '{ readonly XS: 4; readonly SM: 8; readonly MD: 16; readonly LG: 24; readonly XL: 32; readonly '2XL': 48; readonly '3XL': 64; }'.
src/features/bingo-boards/hooks/useLayout.ts(129,36): error TS2339: Property 'mobile' does not exist on type '{ readonly XS: 4; readonly SM: 8; readonly MD: 16; readonly LG: 24; readonly XL: 32; readonly '2XL': 48; readonly '3XL': 64; }'.
src/features/bingo-boards/hooks/useLayout.ts(130,36): error TS2339: Property 'desktop' does not exist on type '{ readonly XS: 4; readonly SM: 8; readonly MD: 16; readonly LG: 24; readonly XL: 32; readonly '2XL': 48; readonly '3XL': 64; }'.
src/features/bingo-boards/hooks/useLayout.ts(132,36): error TS2339: Property 'mobile' does not exist on type '{ readonly XS: 4; readonly SM: 8; readonly MD: 16; readonly LG: 24; readonly XL: 32; readonly '2XL': 48; readonly '3XL': 64; }'.
src/features/bingo-boards/hooks/useLayout.ts(133,36): error TS2339: Property 'desktop' does not exist on type '{ readonly XS: 4; readonly SM: 8; readonly MD: 16; readonly LG: 24; readonly XL: 32; readonly '2XL': 48; readonly '3XL': 64; }'.
src/features/bingo-boards/hooks/useLayout.ts(146,51): error TS2339: Property 'mobile' does not exist on type '{ readonly SM: 640; readonly MD: 768; readonly LG: 1024; readonly XL: 1280; readonly '2XL': 1536; }'.
src/features/bingo-boards/hooks/useLayout.ts(147,51): error TS2339: Property 'desktop' does not exist on type '{ readonly SM: 640; readonly MD: 768; readonly LG: 1024; readonly XL: 1280; readonly '2XL': 1536; }'.
src/features/bingo-boards/hooks/useLayout.ts(168,34): error TS2339: Property 'CONTAINER' does not exist on type '{ readonly BREAKPOINTS: { readonly SM: 640; readonly MD: 768; readonly LG: 1024; readonly XL: 1280; readonly '2XL': 1536; }; readonly GRID: { readonly COLUMNS: 12; readonly GAP_SM: 4; readonly GAP_MD: 6; readonly GAP_LG: 8; readonly CONTAINER_PADDING: 16; }; readonly SIZING: { ...; }; readonly ANIMATION: { ...; }; r...'.
src/features/bingo-boards/hooks/useLayout.ts(169,33): error TS2339: Property 'CONTAINER' does not exist on type '{ readonly BREAKPOINTS: { readonly SM: 640; readonly MD: 768; readonly LG: 1024; readonly XL: 1280; readonly '2XL': 1536; }; readonly GRID: { readonly COLUMNS: 12; readonly GAP_SM: 4; readonly GAP_MD: 6; readonly GAP_LG: 8; readonly CONTAINER_PADDING: 16; }; readonly SIZING: { ...; }; readonly ANIMATION: { ...; }; r...'.
src/features/bingo-boards/hooks/useLayout.ts(224,33): error TS2339: Property 'TRANSITIONS' does not exist on type '{ readonly BREAKPOINTS: { readonly SM: 640; readonly MD: 768; readonly LG: 1024; readonly XL: 1280; readonly '2XL': 1536; }; readonly GRID: { readonly COLUMNS: 12; readonly GAP_SM: 4; readonly GAP_MD: 6; readonly GAP_LG: 8; readonly CONTAINER_PADDING: 16; }; readonly SIZING: { ...; }; readonly ANIMATION: { ...; }; r...'.
src/features/bingo-boards/hooks/useLayout.ts(224,74): error TS2339: Property 'TRANSITIONS' does not exist on type '{ readonly BREAKPOINTS: { readonly SM: 640; readonly MD: 768; readonly LG: 1024; readonly XL: 1280; readonly '2XL': 1536; }; readonly GRID: { readonly COLUMNS: 12; readonly GAP_SM: 4; readonly GAP_MD: 6; readonly GAP_LG: 8; readonly CONTAINER_PADDING: 16; }; readonly SIZING: { ...; }; readonly ANIMATION: { ...; }; r...'.
src/features/bingo-boards/hooks/useLayout.ts(232,54): error TS2339: Property 'EVENTS' does not exist on type '{ readonly BREAKPOINTS: { readonly SM: 640; readonly MD: 768; readonly LG: 1024; readonly XL: 1280; readonly '2XL': 1536; }; readonly GRID: { readonly COLUMNS: 12; readonly GAP_SM: 4; readonly GAP_MD: 6; readonly GAP_LG: 8; readonly CONTAINER_PADDING: 16; }; readonly SIZING: { ...; }; readonly ANIMATION: { ...; }; r...'.
src/features/bingo-boards/hooks/useLayout.ts(254,44): error TS2339: Property 'tablet' does not exist on type '{ readonly SM: 640; readonly MD: 768; readonly LG: 1024; readonly XL: 1280; readonly '2XL': 1536; }'.
src/features/bingo-boards/hooks/useLayout.ts(255,44): error TS2339: Property 'desktop' does not exist on type '{ readonly SM: 640; readonly MD: 768; readonly LG: 1024; readonly XL: 1280; readonly '2XL': 1536; }'.
src/features/bingo-boards/hooks/useLayout.ts(266,22): error TS2345: Argument of type '"desktop" | "tablet" | "mobile"' is not assignable to parameter of type 'Breakpoint'.
  Type '"desktop"' is not assignable to type 'Breakpoint'.
src/features/bingo-boards/hooks/useLayout.ts(283,51): error TS2339: Property 'PERFORMANCE' does not exist on type '{ readonly BREAKPOINTS: { readonly SM: 640; readonly MD: 768; readonly LG: 1024; readonly XL: 1280; readonly '2XL': 1536; }; readonly GRID: { readonly COLUMNS: 12; readonly GAP_SM: 4; readonly GAP_MD: 6; readonly GAP_LG: 8; readonly CONTAINER_PADDING: 16; }; readonly SIZING: { ...; }; readonly ANIMATION: { ...; }; r...'.
src/features/bingo-boards/hooks/usePresence.ts(15,77): error TS2741: Property 'activity' is missing in type '{ user_id: string; online_at: string; last_seen_at: string; status: PresenceStatus; }' but required in type 'PresenceState'.
src/features/bingo-boards/hooks/usePresence.ts(49,37): error TS7030: Not all code paths return a value.
src/features/bingo-boards/hooks/usePresence.ts(58,62): error TS2339: Property 'CHANNEL_PREFIX' does not exist on type '{ readonly TIMING: { readonly HEARTBEAT_INTERVAL: 30000; readonly TIMEOUT_THRESHOLD: 60000; readonly AWAY_THRESHOLD: 300000; readonly CLEANUP_INTERVAL: 120000; readonly RECONNECT_DELAY: 1000; readonly PRESENCE_BUFFER_TIME: 5000; }; ... 6 more ...; readonly BATCH: { ...; }; }'.
src/features/bingo-boards/hooks/usePresence.ts(99,29): error TS2339: Property 'HEARTBEAT_INTERVAL' does not exist on type '{ readonly TIMING: { readonly HEARTBEAT_INTERVAL: 30000; readonly TIMEOUT_THRESHOLD: 60000; readonly AWAY_THRESHOLD: 300000; readonly CLEANUP_INTERVAL: 120000; readonly RECONNECT_DELAY: 1000; readonly PRESENCE_BUFFER_TIME: 5000; }; ... 6 more ...; readonly BATCH: { ...; }; }'.
src/features/bingo-boards/hooks/useSession.ts(210,13): error TS7030: Not all code paths return a value.
src/features/bingo-boards/index.ts(1,43): error TS2307: Cannot find module '@/src/features/BingoBoards/BingoBoardsEdit/BingoBoardEdit' or its corresponding type declarations.
src/features/bingo-boards/index.ts(2,36): error TS2307: Cannot find module './BingoErrorBoundary' or its corresponding type declarations.
src/features/bingo-boards/index.ts(3,27): error TS2307: Cannot find module '@/src/features/BingoBoards/BoardCard' or its corresponding type declarations.
src/features/bingo-boards/types/gamesettings.constants.ts(4,3): error TS2353: Object literal may only specify known properties, and 'rows' does not exist in type 'WinConditions'.
src/features/bingo-boards/types/gamesettings.constants.ts(12,3): error TS2353: Object literal may only specify known properties, and 'timeLimit' does not exist in type 'BoardSettings'.
src/features/bingo-boards/types/gamesettings.constants.ts(31,7): error TS2353: Object literal may only specify known properties, and 'winConditions' does not exist in type 'Partial<GameConfiguration>'.
src/features/bingo-boards/types/gamesettings.constants.ts(40,7): error TS2353: Object literal may only specify known properties, and 'winConditions' does not exist in type 'Partial<GameConfiguration>'.
src/features/bingo-boards/types/gamesettings.constants.ts(55,7): error TS2353: Object literal may only specify known properties, and 'winConditions' does not exist in type 'Partial<GameConfiguration>'.
src/features/community/components/community.tsx(178,13): error TS7030: Not all code paths return a value.
src/features/community/components/CreateDiscussionForm.tsx(78,20): error TS2322: Type '{ children: Element[]; isOpen: boolean; onClose: () => void; }' is not assignable to type 'IntrinsicAttributes & DialogWrapperProps'.
  Property 'isOpen' does not exist on type 'IntrinsicAttributes & DialogWrapperProps'. Did you mean 'open'?
src/features/community/components/CreateDiscussionForm.tsx(100,13): error TS2322: Type '{ selectedGame: string; selectedChallenge: string; onGameChange: Dispatch<SetStateAction<string>>; onChallengeChange: Dispatch<SetStateAction<string>>; }' is not assignable to type 'IntrinsicAttributes & FilterGroupProps'.
  Property 'selectedGame' does not exist on type 'IntrinsicAttributes & FilterGroupProps'.
src/features/community/components/EventCard.tsx(9,15): error TS2305: Module '"./types/types"' has no exported member 'Event'.
src/features/community/components/EventCard.tsx(75,26): error TS7006: Parameter 'prev' implicitly has an 'any' type.
src/features/community/components/EventCard.tsx(95,18): error TS2322: Type '{ children: Element; onClick: () => void; hoverAccentColor: string; }' is not assignable to type 'IntrinsicAttributes & CardWrapperProps'.
  Property 'onClick' does not exist on type 'IntrinsicAttributes & CardWrapperProps'.
src/features/community/components/EventCard.tsx(226,38): error TS7006: Parameter 'tag' implicitly has an 'any' type.
src/features/community/components/EventView.tsx(10,15): error TS2305: Module '"./types/types"' has no exported member 'Event'.
src/features/community/components/EventView.tsx(25,7): error TS2322: Type '{ children: Element[]; isOpen: boolean; onClose: () => void; className: string; }' is not assignable to type 'IntrinsicAttributes & DialogWrapperProps'.
  Property 'isOpen' does not exist on type 'IntrinsicAttributes & DialogWrapperProps'. Did you mean 'open'?
src/features/community/components/EventView.tsx(69,32): error TS7006: Parameter 'tag' implicitly has an 'any' type.
src/features/community/hooks/useDiscussions.ts(237,36): error TS2339: Property 'comments' does not exist on type '{ author_id: string | null; challenge_type: string | null; content: string; created_at: string | null; game: string; id: number; tags: string[] | null; title: string; updated_at: string | null; upvotes: number | null; }'.
src/features/community/hooks/useDiscussions.ts(238,43): error TS2339: Property 'commentList' does not exist on type '{ author_id: string | null; challenge_type: string | null; content: string; created_at: string | null; game: string; id: number; tags: string[] | null; title: string; updated_at: string | null; upvotes: number | null; }'.
src/features/community/hooks/useDiscussions.ts(267,39): error TS18047: 'discussion.upvotes' is possibly 'null'.
src/features/community/hooks/useEvents.ts(8,58): error TS2345: Argument of type 'Event[]' is not assignable to parameter of type 'readonly Event[] | (() => readonly Event[])'.
  Type 'Event[]' is not assignable to type 'readonly Event[]'.
    Type 'Event' is missing the following properties from type 'Event': game, prize
src/features/community/hooks/useSearch.ts(5,29): error TS2307: Cannot find module '../../../../hooks/useDebounce' or its corresponding type declarations.
src/features/community/hooks/useSearch.ts(68,29): error TS2339: Property 'date' does not exist on type '{ author_id: string | null; challenge_type: string | null; content: string; created_at: string | null; game: string; id: number; tags: string[] | null; title: string; updated_at: string | null; upvotes: number | null; } | Event'.
  Property 'date' does not exist on type '{ author_id: string | null; challenge_type: string | null; content: string; created_at: string | null; game: string; id: number; tags: string[] | null; title: string; updated_at: string | null; upvotes: number | null; }'.
src/features/community/hooks/useSearch.ts(68,58): error TS2339: Property 'date' does not exist on type '{ author_id: string | null; challenge_type: string | null; content: string; created_at: string | null; game: string; id: number; tags: string[] | null; title: string; updated_at: string | null; upvotes: number | null; } | Event'.
  Property 'date' does not exist on type '{ author_id: string | null; challenge_type: string | null; content: string; created_at: string | null; game: string; id: number; tags: string[] | null; title: string; updated_at: string | null; upvotes: number | null; }'.
src/features/community/hooks/useSearch.ts(70,51): error TS18047: 'b.upvotes' is possibly 'null'.
src/features/community/hooks/useSearch.ts(70,63): error TS18047: 'a.upvotes' is possibly 'null'.
src/features/community/hooks/useVirtualList.ts(31,5): error TS2322: Type 'RefObject<HTMLDivElement | null>' is not assignable to type 'RefObject<HTMLDivElement>'.
  Type 'HTMLDivElement | null' is not assignable to type 'HTMLDivElement'.
    Type 'null' is not assignable to type 'HTMLDivElement'.
